Resolving dependencies...
Downloading packages...
  _fe_analyzer_shared 99.0.0 (101.0.0 available)
  analyzer 12.1.0 (13.1.0 available)
  image 4.8.0 (4.9.1 available)
  matcher 0.12.19 (0.12.20 available)
  meta 1.18.0 (1.18.3 available)
  qr 3.0.2 (4.0.0 available)
  test 1.31.0 (1.31.1 available)
  test_api 0.7.11 (0.7.12 available)
  test_core 0.6.17 (0.6.18 available)
  vector_math 2.2.0 (2.4.0 available)
  xml 6.6.1 (7.0.1 available)
Got dependencies!
11 packages have newer versions incompatible with dependency constraints.
Try `flutter pub outdated` for more information.
00:00 +0: loading /home/nebula/Documents/enercore/enercore app/CAM CAM/test/filter_screen_test.dart
00:00 +0: Enhance Scan filter screen renders elements and adjusts sliders
══╡ EXCEPTION CAUGHT BY WIDGETS LIBRARY ╞═══════════════════════════════════════════════════════════
The following _TypeError was thrown building FilterScreen(dirty, state: _FilterScreenState#c63db):
type 'int' is not a subtype of type 'double'

The relevant error-causing widget was:
  FilterScreen
  FilterScreen:file:///home/nebula/Documents/enercore/enercore%20app/CAM%20CAM/test/filter_screen_test.dart:14:15

When the exception was thrown, this was the stack:
#0      new List.from (dart:core-patch/array_patch.dart:29:5)
#1      _FilterScreenState._getColorFilter (package:scanmate/features/filter/presentation/screens/filter_screen.dart:57:37)
#2      _FilterScreenState.build (package:scanmate/features/filter/presentation/screens/filter_screen.dart:145:42)
#3      StatefulElement.build (package:flutter/src/widgets/framework.dart:5931:27)
#4      ComponentElement.performRebuild (package:flutter/src/widgets/framework.dart:5817:15)
#5      StatefulElement.performRebuild (package:flutter/src/widgets/framework.dart:5982:11)
#6      Element.rebuild (package:flutter/src/widgets/framework.dart:5529:7)
#7      ComponentElement._firstBuild (package:flutter/src/widgets/framework.dart:5799:5)
#8      StatefulElement._firstBuild (package:flutter/src/widgets/framework.dart:5973:11)
#9      ComponentElement.mount (package:flutter/src/widgets/framework.dart:5793:5)
...     Normal element mounting (260 frames)
#269    Element.inflateWidget (package:flutter/src/widgets/framework.dart:4587:20)
#270    MultiChildRenderObjectElement.inflateWidget (package:flutter/src/widgets/framework.dart:7264:36)
#271    MultiChildRenderObjectElement.mount (package:flutter/src/widgets/framework.dart:7279:32)
...     Normal element mounting (467 frames)
#738    Element.inflateWidget (package:flutter/src/widgets/framework.dart:4587:20)
#739    Element.updateChild (package:flutter/src/widgets/framework.dart:4053:20)
#740    ComponentElement.performRebuild (package:flutter/src/widgets/framework.dart:5841:16)
#741    Element.rebuild (package:flutter/src/widgets/framework.dart:5529:7)
#742    ProxyElement.update (package:flutter/src/widgets/framework.dart:6149:5)
#743    _InheritedNotifierElement.update (package:flutter/src/widgets/inherited_notifier.dart:108:11)
#744    Element.updateChild (package:flutter/src/widgets/framework.dart:4037:15)
#745    ComponentElement.performRebuild (package:flutter/src/widgets/framework.dart:5841:16)
#746    StatefulElement.performRebuild (package:flutter/src/widgets/framework.dart:5982:11)
#747    Element.rebuild (package:flutter/src/widgets/framework.dart:5529:7)
#748    StatefulElement.update (package:flutter/src/widgets/framework.dart:6007:5)
#749    Element.updateChild (package:flutter/src/widgets/framework.dart:4037:15)
#750    ComponentElement.performRebuild (package:flutter/src/widgets/framework.dart:5841:16)
#751    Element.rebuild (package:flutter/src/widgets/framework.dart:5529:7)
#752    ProxyElement.update (package:flutter/src/widgets/framework.dart:6149:5)
#753    _InheritedNotifierElement.update (package:flutter/src/widgets/inherited_notifier.dart:108:11)
#754    Element.updateChild (package:flutter/src/widgets/framework.dart:4037:15)
#755    ComponentElement.performRebuild (package:flutter/src/widgets/framework.dart:5841:16)
#756    StatefulElement.performRebuild (package:flutter/src/widgets/framework.dart:5982:11)
#757    Element.rebuild (package:flutter/src/widgets/framework.dart:5529:7)
#758    StatefulElement.update (package:flutter/src/widgets/framework.dart:6007:5)
#759    Element.updateChild (package:flutter/src/widgets/framework.dart:4037:15)
#760    ComponentElement.performRebuild (package:flutter/src/widgets/framework.dart:5841:16)
#761    StatefulElement.performRebuild (package:flutter/src/widgets/framework.dart:5982:11)
#762    Element.rebuild (package:flutter/src/widgets/framework.dart:5529:7)
#763    StatefulElement.update (package:flutter/src/widgets/framework.dart:6007:5)
#764    Element.updateChild (package:flutter/src/widgets/framework.dart:4037:15)
#765    ComponentElement.performRebuild (package:flutter/src/widgets/framework.dart:5841:16)
#766    Element.rebuild (package:flutter/src/widgets/framework.dart:5529:7)
#767    ProxyElement.update (package:flutter/src/widgets/framework.dart:6149:5)
#768    Element.updateChild (package:flutter/src/widgets/framework.dart:4037:15)
#769    ComponentElement.performRebuild (package:flutter/src/widgets/framework.dart:5841:16)
#770    StatefulElement.performRebuild (package:flutter/src/widgets/framework.dart:5982:11)
#771    Element.rebuild (package:flutter/src/widgets/framework.dart:5529:7)
#772    StatefulElement.update (package:flutter/src/widgets/framework.dart:6007:5)
#773    Element.updateChild (package:flutter/src/widgets/framework.dart:4037:15)
#774    ComponentElement.performRebuild (package:flutter/src/widgets/framework.dart:5841:16)
#775    Element.rebuild (package:flutter/src/widgets/framework.dart:5529:7)
#776    ProxyElement.update (package:flutter/src/widgets/framework.dart:6149:5)
#777    Element.updateChild (package:flutter/src/widgets/framework.dart:4037:15)
#778    ComponentElement.performRebuild (package:flutter/src/widgets/framework.dart:5841:16)
#779    Element.rebuild (package:flutter/src/widgets/framework.dart:5529:7)
#780    ProxyElement.update (package:flutter/src/widgets/framework.dart:6149:5)
#781    Element.updateChild (package:flutter/src/widgets/framework.dart:4037:15)
#782    _RawViewElement._updateChild (package:flutter/src/widgets/view.dart:481:16)
#783    _RawViewElement.update (package:flutter/src/widgets/view.dart:568:5)
#784    Element.updateChild (package:flutter/src/widgets/framework.dart:4037:15)
#785    ComponentElement.performRebuild (package:flutter/src/widgets/framework.dart:5841:16)
#786    Element.rebuild (package:flutter/src/widgets/framework.dart:5529:7)
#787    StatelessElement.update (package:flutter/src/widgets/framework.dart:5895:5)
#788    Element.updateChild (package:flutter/src/widgets/framework.dart:4037:15)
#789    ComponentElement.performRebuild (package:flutter/src/widgets/framework.dart:5841:16)
#790    StatefulElement.performRebuild (package:flutter/src/widgets/framework.dart:5982:11)
#791    Element.rebuild (package:flutter/src/widgets/framework.dart:5529:7)
#792    StatefulElement.update (package:flutter/src/widgets/framework.dart:6007:5)
#793    Element.updateChild (package:flutter/src/widgets/framework.dart:4037:15)
#794    RootElement._rebuild (package:flutter/src/widgets/binding.dart:2091:16)
#795    RootElement.update (package:flutter/src/widgets/binding.dart:2069:5)
#796    RootElement.performRebuild (package:flutter/src/widgets/binding.dart:2083:7)
#797    Element.rebuild (package:flutter/src/widgets/framework.dart:5529:7)
#798    BuildScope._tryRebuild (package:flutter/src/widgets/framework.dart:2750:15)
#799    BuildScope._flushDirtyElements (package:flutter/src/widgets/framework.dart:2807:11)
#800    BuildOwner.buildScope (package:flutter/src/widgets/framework.dart:3111:18)
#801    AutomatedTestWidgetsFlutterBinding.drawFrame (package:flutter_test/src/binding.dart:2431:19)
#802    RendererBinding._handlePersistentFrameCallback (package:flutter/src/rendering/binding.dart:509:5)
#803    SchedulerBinding._invokeFrameCallback (package:flutter/src/scheduler/binding.dart:1430:15)
#804    SchedulerBinding.handleDrawFrame (package:flutter/src/scheduler/binding.dart:1345:9)
#805    AutomatedTestWidgetsFlutterBinding.pump.<anonymous closure> (package:flutter_test/src/binding.dart:2260:9)
#808    TestAsyncUtils.guard (package:flutter_test/src/test_async_utils.dart:74:41)
#809    AutomatedTestWidgetsFlutterBinding.pump (package:flutter_test/src/binding.dart:2249:27)
#810    WidgetTester.pumpWidget.<anonymous closure> (package:flutter_test/src/widget_tester.dart:598:22)
#813    TestAsyncUtils.guard (package:flutter_test/src/test_async_utils.dart:74:41)
#814    WidgetTester.pumpWidget (package:flutter_test/src/widget_tester.dart:595:27)
#815    main.<anonymous closure> (file:///home/nebula/Documents/enercore/enercore%20app/CAM%20CAM/test/filter_screen_test.dart:12:18)
<asynchronous suspension>
#816    testWidgets.<anonymous closure>.<anonymous closure> (package:flutter_test/src/widget_tester.dart:192:15)
<asynchronous suspension>
#817    TestWidgetsFlutterBinding._runTestBody (package:flutter_test/src/binding.dart:1952:5)
<asynchronous suspension>
<asynchronous suspension>
(elided 5 frames from dart:async and package:stack_trace)

════════════════════════════════════════════════════════════════════════════════════════════════════
══╡ EXCEPTION CAUGHT BY FLUTTER TEST FRAMEWORK ╞════════════════════════════════════════════════════
The following TestFailure was thrown running a test:
Expected: exactly one matching candidate
  Actual: _TextWidgetFinder:<Found 0 widgets with text "Enhance Scan": []>
   Which: means none were found but one was expected

When the exception was thrown, this was the stack:
#4      main.<anonymous closure> (file:///home/nebula/Documents/enercore/enercore%20app/CAM%20CAM/test/filter_screen_test.dart:19:5)
<asynchronous suspension>
#5      testWidgets.<anonymous closure>.<anonymous closure> (package:flutter_test/src/widget_tester.dart:192:15)
<asynchronous suspension>
#6      TestWidgetsFlutterBinding._runTestBody (package:flutter_test/src/binding.dart:1952:5)
<asynchronous suspension>
<asynchronous suspension>
(elided one frame from package:stack_trace)

This was caught by the test expectation on the following line:
  file:///home/nebula/Documents/enercore/enercore%20app/CAM%20CAM/test/filter_screen_test.dart line 19
The test description was:
  Enhance Scan filter screen renders elements and adjusts sliders
════════════════════════════════════════════════════════════════════════════════════════════════════
══╡ EXCEPTION CAUGHT BY FLUTTER TEST FRAMEWORK ╞════════════════════════════════════════════════════
The following message was thrown:
Multiple exceptions (2) were detected during the running of the current test, and at least one was
unexpected.
════════════════════════════════════════════════════════════════════════════════════════════════════
00:00 +0 -1: Enhance Scan filter screen renders elements and adjusts sliders [E]
  Test failed. See exception logs above.
  The test description was: Enhance Scan filter screen renders elements and adjusts sliders
  
00:00 +0 -1: Some tests failed.

Failing tests:
  /home/nebula/Documents/enercore/enercore app/CAM CAM/test/filter_screen_test.dart: Enhance Scan filter screen renders elements and adjusts sliders
